
> peptytrack@0.0.0 test
> vitest run


[1m[30m[46m RUN [49m[39m[22m [36mv4.1.5 [39m[90mC:/Users/eftyc/Antigravity/peptyTrack[39m

 [32mÔ£ô[39m src/stores/symptomLogStore.test.ts [2m([22m[2m4 tests[22m[2m)[22m[32m 53[2mms[22m[39m
 [32mÔ£ô[39m src/stores/settingsStore.test.ts [2m([22m[2m4 tests[22m[2m)[22m[32m 41[2mms[22m[39m
 [32mÔ£ô[39m src/stores/protocolStore.test.ts [2m([22m[2m4 tests[22m[2m)[22m[32m 45[2mms[22m[39m
 [32mÔ£ô[39m src/stores/sideEffectsStore.test.ts [2m([22m[2m7 tests[22m[2m)[22m[32m 55[2mms[22m[39m
 [32mÔ£ô[39m src/stores/medicationStore.test.ts [2m([22m[2m5 tests[22m[2m)[22m[32m 55[2mms[22m[39m
[90mstdout[2m | src/db/database.test.ts[2m > [22m[2mDatabase CRUD[2m > [22m[2mseedDatabaseIfEmpty[2m > [22m[2mseeds library medications when DB is empty
[22m[39m[seed] Added 8 default medications

[90mstdout[2m | src/db/database.test.ts[2m > [22m[2mDatabase CRUD[2m > [22m[2mseedDatabaseIfEmpty[2m > [22m[2mdoes not create duplicates on repeated calls
[22m[39m[seed] Added 8 default medications

[90mstdout[2m | src/db/database.test.ts[2m > [22m[2mDatabase CRUD[2m > [22m[2mseedDatabaseIfEmpty[2m > [22m[2mdoes not create duplicates on concurrent calls
[22m[39m[seed] Added 8 default medications

 [32mÔ£ô[39m src/stores/vialStore.test.ts [2m([22m[2m10 tests[22m[2m)[22m[32m 77[2mms[22m[39m
[90mstdout[2m | src/db/database.test.ts[2m > [22m[2mDatabase CRUD[2m > [22m[2mseedDatabaseIfEmpty[2m > [22m[2mdeduplicates existing library medications
[22m[39m[seed] Added 7 default medications

[90mstdout[2m | src/db/database.test.ts[2m > [22m[2mDatabase CRUD[2m > [22m[2mseedDatabaseIfEmpty[2m > [22m[2mpreserves custom medications during deduplication
[22m[39m[seed] Added 8 default medications

 [32mÔ£ô[39m src/db/database.test.ts [2m([22m[2m22 tests[22m[2m)[22m[32m 153[2mms[22m[39m
 [32mÔ£ô[39m src/components/ConfirmDialog.test.tsx [2m([22m[2m7 tests[22m[2m)[22m[32m 134[2mms[22m[39m
 [31mÔØ»[39m src/components/SideEffectChips.test.tsx [2m([22m[2m8 tests[22m[2m | [22m[31m5 failed[39m[2m)[22m[32m 185[2mms[22m[39m
     [32mÔ£ô[39m renders all side effect chips[32m 81[2mms[22m[39m
[31m     [31m├ù[31m highlights selected chips[39m[32m 15[2mms[22m[39m
[31m     [31m├ù[31m calls onToggle when a chip is clicked[39m[32m 17[2mms[22m[39m
[31m     [31m├ù[31m reveals an input when Add Custom is clicked[39m[32m 29[2mms[22m[39m
[31m     [31m├ù[31m calls onAddCustom when custom input is submitted[39m[32m 9[2mms[22m[39m
[31m     [31m├ù[31m does not call onAddCustom for empty input[39m[32m 9[2mms[22m[39m
     [32mÔ£ô[39m shows expand button when there are more than 6 side effects[32m 6[2mms[22m[39m
     [32mÔ£ô[39m expands to show all side effects when expand button is clicked[32m 14[2mms[22m[39m
 [32mÔ£ô[39m src/pages/Medications.test.tsx [2m([22m[2m2 tests[22m[2m)[22m[32m 135[2mms[22m[39m
 [32mÔ£ô[39m src/lib/injectionRotation.test.ts [2m([22m[2m12 tests[22m[2m)[22m[32m 7[2mms[22m[39m
 [32mÔ£ô[39m src/lib/halfLifeEngine.test.ts [2m([22m[2m15 tests[22m[2m)[22m[32m 9[2mms[22m[39m
 [32mÔ£ô[39m src/lib/sideEffects.test.ts [2m([22m[2m8 tests[22m[2m)[22m[32m 22[2mms[22m[39m
 [32mÔ£ô[39m src/lib/titrationAnalytics.test.ts [2m([22m[2m4 tests[22m[2m)[22m[32m 5[2mms[22m[39m
 [31mÔØ»[39m src/pages/LogDose.test.tsx [2m([22m[2m17 tests[22m[2m | [22m[31m1 failed[39m[2m)[22m[33m 843[2mms[22m[39m
       [32mÔ£ô[39m renders Quick Log mode by default[32m 73[2mms[22m[39m
       [32mÔ£ô[39m defaults to Quick Log when no localStorage preference exists[32m 22[2mms[22m[39m
       [32mÔ£ô[39m reads mode preference from localStorage[32m 27[2mms[22m[39m
       [32mÔ£ô[39m saves mode preference to localStorage when toggled[32m 257[2mms[22m[39m
       [32mÔ£ô[39m hides mode toggle when editing a dose[32m 87[2mms[22m[39m
       [32mÔ£ô[39m shows medication, vial summary, dosage, and injection site[32m 23[2mms[22m[39m
       [32mÔ£ô[39m shows compact vial summary instead of circular progress[32m 29[2mms[22m[39m
       [32mÔ£ô[39m hides date/time, notes, and side effects sections[32m 24[2mms[22m[39m
[31m       [31m├ù[31m shows all sections including date/time, notes, and side effects[39m[32m 37[2mms[22m[39m
       [32mÔ£ô[39m shows full vial dashboard with circular progress[32m 47[2mms[22m[39m
       [32mÔ£ô[39m renders zone cards for active zones in full mode[32m 27[2mms[22m[39m
       [32mÔ£ô[39m expands zone when clicked to show site options[32m 45[2mms[22m[39m
       [32mÔ£ô[39m selects a site when clicked in expanded zone[32m 39[2mms[22m[39m
       [32mÔ£ô[39m shows only zones with active sites from settings[32m 27[2mms[22m[39m
       [32mÔ£ô[39m submit button is disabled without dosage[32m 13[2mms[22m[39m
       [32mÔ£ô[39m enables submit button when dosage is selected[32m 32[2mms[22m[39m
       [32mÔ£ô[39m shows dose exceeds warning when dosage > remaining[32m 30[2mms[22m[39m

[2m Test Files [22m [1m[31m2 failed[39m[22m[2m | [22m[1m[32m13 passed[39m[22m[90m (15)[39m
[2m      Tests [22m [1m[31m6 failed[39m[22m[2m | [22m[1m[32m123 passed[39m[22m[90m (129)[39m
[2m   Start at [22m 08:16:02
[2m   Duration [22m 5.56s[2m (transform 1.65s, setup 2.34s, import 5.96s, tests 1.82s, environment 29.48s)[22m

